// Jest Snapshot v1, https://goo.gl/fbAQLP

exports[`sslyze worker should run multiple scans when multiple targets are configured 1`] = `
Object {
  "result": Array [
    Object {
      "attributes": Object {
        "cipher_suites": Array [
          "AES256-SHA",
          "AES128-GCM-SHA256",
          "AES128-SHA",
          "ECDHE-RSA-AES256-GCM-SHA384",
          "ECDHE-RSA-AES256-SHA384",
          "ECDHE-RSA-AES256-SHA",
          "ECDHE-RSA-AES128-GCM-SHA256",
          "ECDHE-RSA-AES128-SHA256",
          "ECDHE-RSA-AES128-SHA",
        ],
        "hostname": "www.securecodebox.io",
        "ip_address": "185.199.109.153",
        "port": 443,
        "tls_versions": Array [
          "TLS 1.2",
        ],
      },
      "category": "TLS Service Info",
      "description": "",
      "hint": null,
      "id": "49bf7fd3-8512-4d73-a28f-608e493cd726",
      "location": "www.securecodebox.io:443",
      "name": "TLS Service",
      "osi_layer": "PRESENTATION",
      "reference": null,
      "severity": "INFORMATIONAL",
    },
    Object {
      "attributes": Object {
        "cipher_suites": Array [
          "AES256-SHA",
          "AES128-GCM-SHA256",
          "AES128-SHA",
          "ECDHE-RSA-AES256-GCM-SHA384",
          "ECDHE-RSA-AES256-SHA384",
          "ECDHE-RSA-AES256-SHA",
          "ECDHE-RSA-AES128-GCM-SHA256",
          "ECDHE-RSA-AES128-SHA256",
          "ECDHE-RSA-AES128-SHA",
        ],
        "hostname": "www.securecodebox.io",
        "ip_address": "185.199.109.153",
        "port": 443,
        "tls_versions": Array [
          "TLS 1.2",
        ],
      },
      "category": "TLS Service Info",
      "description": "",
      "hint": null,
      "id": "49bf7fd3-8512-4d73-a28f-608e493cd726",
      "location": "www.securecodebox.io:443",
      "name": "TLS Service",
      "osi_layer": "PRESENTATION",
      "reference": null,
      "severity": "INFORMATIONAL",
    },
  ],
}
`;

exports[`sslyze worker should take parameters 1`] = `
Object {
  "result": Array [
    Object {
      "attributes": Object {
        "cipher_suites": Array [
          "AES256-SHA",
          "AES128-GCM-SHA256",
          "AES128-SHA",
          "ECDHE-RSA-AES256-GCM-SHA384",
          "ECDHE-RSA-AES256-SHA384",
          "ECDHE-RSA-AES256-SHA",
          "ECDHE-RSA-AES128-GCM-SHA256",
          "ECDHE-RSA-AES128-SHA256",
          "ECDHE-RSA-AES128-SHA",
        ],
        "hostname": "www.securecodebox.io",
        "ip_address": "185.199.109.153",
        "port": 443,
        "tls_versions": Array [
          "TLS 1.2",
        ],
      },
      "category": "TLS Service Info",
      "description": "",
      "hint": null,
      "id": "49bf7fd3-8512-4d73-a28f-608e493cd726",
      "location": "www.securecodebox.io:443",
      "name": "TLS Service",
      "osi_layer": "PRESENTATION",
      "reference": null,
      "severity": "INFORMATIONAL",
    },
  ],
}
`;

exports[`sslyze worker should throw an error if a scan fails 1`] = `"Failed to execute SSLyze scan."`;

exports[`sslyze worker should work with a single target 1`] = `
Object {
  "result": Array [
    Object {
      "attributes": Object {
        "cipher_suites": Array [
          "AES256-SHA",
          "AES128-GCM-SHA256",
          "AES128-SHA",
          "ECDHE-RSA-AES256-GCM-SHA384",
          "ECDHE-RSA-AES256-SHA384",
          "ECDHE-RSA-AES256-SHA",
          "ECDHE-RSA-AES128-GCM-SHA256",
          "ECDHE-RSA-AES128-SHA256",
          "ECDHE-RSA-AES128-SHA",
        ],
        "hostname": "www.securecodebox.io",
        "ip_address": "185.199.109.153",
        "port": 443,
        "tls_versions": Array [
          "TLS 1.2",
        ],
      },
      "category": "TLS Service Info",
      "description": "",
      "hint": null,
      "id": "49bf7fd3-8512-4d73-a28f-608e493cd726",
      "location": "www.securecodebox.io:443",
      "name": "TLS Service",
      "osi_layer": "PRESENTATION",
      "reference": null,
      "severity": "INFORMATIONAL",
    },
  ],
}
`;
