// Jest Snapshot v1, https://goo.gl/fbAQLP

exports[`sslyze worker should run multiple scans when multiple targets are configured 1`] = `
Object {
  "raw": Array [
    "some JSON",
    "some JSON",
  ],
  "result": Array [
    Object {
      "attributes": Object {
        "scts_count": 2,
      },
      "category": "Certificate info",
      "description": "The number of Signed Certificate Timestamps (SCTs) for Certificate Transparency is embedded in the leaf certificate. Its value is 2.",
      "hint": null,
      "id": "49bf7fd3-8512-4d73-a28f-608e493cd726",
      "location": "https://www.yahoo.com:443",
      "name": "Certificate includes SCTS count",
      "osi_layer": "PRESENTATION",
      "reference": null,
      "severity": "INFORMATIONAL",
    },
    Object {
      "attributes": undefined,
      "category": "Certificate info",
      "description": "Some of the leaf or intermediate certificates are signed using the SHA-1 algorithm.",
      "hint": null,
      "id": "49bf7fd3-8512-4d73-a28f-608e493cd726",
      "location": "https://www.yahoo.com:443",
      "name": "SHA1 in certificate chain",
      "osi_layer": "PRESENTATION",
      "reference": null,
      "severity": "HIGH",
    },
    Object {
      "attributes": undefined,
      "category": "Certificate info",
      "description": "The chain order sent by the server is invalid.",
      "hint": null,
      "id": "49bf7fd3-8512-4d73-a28f-608e493cd726",
      "location": "https://www.yahoo.com:443",
      "name": "Chain order invalid",
      "osi_layer": "PRESENTATION",
      "reference": null,
      "severity": "LOW",
    },
    Object {
      "attributes": undefined,
      "category": "Certificate info",
      "description": "The certificate has not been validated by the certificate authority according to the standardized set of requirements set out in the CA/Browser Forum Extended Validation Certificate Guidelines. (https://wiki.mozilla.org/EV)",
      "hint": null,
      "id": "49bf7fd3-8512-4d73-a28f-608e493cd726",
      "location": "https://www.yahoo.com:443",
      "name": "No extended validation certificate",
      "osi_layer": "PRESENTATION",
      "reference": null,
      "severity": "INFORMATIONAL",
    },
    Object {
      "attributes": undefined,
      "category": "Certificate info",
      "description": "The server did not send an OCSP response.",
      "hint": null,
      "id": "49bf7fd3-8512-4d73-a28f-608e493cd726",
      "location": "https://www.yahoo.com:443",
      "name": "No OCSP response",
      "osi_layer": "PRESENTATION",
      "reference": null,
      "severity": "INFORMATIONAL",
    },
    Object {
      "attributes": Object {
        "error": "Test failure",
      },
      "category": "Certificate info",
      "description": "An error occurred while attempting to validate the server's certificate chain: Test failure",
      "hint": null,
      "id": "49bf7fd3-8512-4d73-a28f-608e493cd726",
      "location": "https://www.yahoo.com:443",
      "name": "Certificate chain validation error",
      "osi_layer": "PRESENTATION",
      "reference": null,
      "severity": "MEDIUM",
    },
    Object {
      "attributes": Object {
        "distrust_timeline": "SEPTEMBER_2018",
      },
      "category": "Certificate info",
      "description": "The certificate was issued by one of the Symantec CAs and will be distrusted in Chrome and Firefox in SEPTEMBER_2018.",
      "hint": null,
      "id": "49bf7fd3-8512-4d73-a28f-608e493cd726",
      "location": "https://www.yahoo.com:443",
      "name": "Certificate will be distrusted",
      "osi_layer": "PRESENTATION",
      "reference": null,
      "severity": "LOW",
    },
    Object {
      "attributes": Object {
        "name": "some compression method",
      },
      "category": "Compression",
      "description": "The server supports the compression algorithm some compression method.",
      "hint": null,
      "id": "49bf7fd3-8512-4d73-a28f-608e493cd726",
      "location": "https://www.yahoo.com:443",
      "name": "Compression method exposed",
      "osi_layer": "PRESENTATION",
      "reference": null,
      "severity": "INFORMATIONAL",
    },
    Object {
      "attributes": undefined,
      "category": "Fallback",
      "description": "The server does not support the SCSV cipher suite which would prevent downgrade attacks if it was supported.",
      "hint": null,
      "id": "49bf7fd3-8512-4d73-a28f-608e493cd726",
      "location": "https://www.yahoo.com:443",
      "name": "No SCSV fallback support",
      "osi_layer": "PRESENTATION",
      "reference": null,
      "severity": "LOW",
    },
    Object {
      "attributes": undefined,
      "category": "Heartbleed",
      "description": "The server is vulnerable to the Heartbleed attack.",
      "hint": null,
      "id": "49bf7fd3-8512-4d73-a28f-608e493cd726",
      "location": "https://www.yahoo.com:443",
      "name": "Vulnerable to Heartbleed",
      "osi_layer": "PRESENTATION",
      "reference": null,
      "severity": "HIGH",
    },
    Object {
      "attributes": undefined,
      "category": "CCS",
      "description": "The server is vulnerable to OpenSSL's CCS injection issue.",
      "hint": null,
      "id": "49bf7fd3-8512-4d73-a28f-608e493cd726",
      "location": "https://www.yahoo.com:443",
      "name": "Vulnerable to CCS injection",
      "osi_layer": "PRESENTATION",
      "reference": null,
      "severity": "HIGH",
    },
    Object {
      "attributes": undefined,
      "category": "Renegotiation",
      "description": "The server honors client-initiated renegotiation attempts.",
      "hint": null,
      "id": "49bf7fd3-8512-4d73-a28f-608e493cd726",
      "location": "https://www.yahoo.com:443",
      "name": "Accepts client renegotiation",
      "osi_layer": "PRESENTATION",
      "reference": null,
      "severity": "HIGH",
    },
    Object {
      "attributes": undefined,
      "category": "Renegotiation",
      "description": "The server does not support secure renegotiation.",
      "hint": null,
      "id": "49bf7fd3-8512-4d73-a28f-608e493cd726",
      "location": "https://www.yahoo.com:443",
      "name": "No support for secure renegotiation",
      "osi_layer": "PRESENTATION",
      "reference": null,
      "severity": "HIGH",
    },
    Object {
      "attributes": undefined,
      "category": "Resumption",
      "description": "The server does not support session resumption through ticket encapsulation.",
      "hint": null,
      "id": "49bf7fd3-8512-4d73-a28f-608e493cd726",
      "location": "https://www.yahoo.com:443",
      "name": "Ticket resumption not supported",
      "osi_layer": "PRESENTATION",
      "reference": null,
      "severity": "INFORMATIONAL",
    },
    Object {
      "attributes": undefined,
      "category": "Resumption",
      "description": "At least one session resumption succeeded.",
      "hint": null,
      "id": "49bf7fd3-8512-4d73-a28f-608e493cd726",
      "location": "https://www.yahoo.com:443",
      "name": "Session resumption succeeded",
      "osi_layer": "PRESENTATION",
      "reference": null,
      "severity": "INFORMATIONAL",
    },
    Object {
      "attributes": Object {
        "error": "Test failure",
      },
      "category": "Resumption",
      "description": "At least one session resumption failed.",
      "hint": null,
      "id": "49bf7fd3-8512-4d73-a28f-608e493cd726",
      "location": "https://www.yahoo.com:443",
      "name": "Session resumption failed",
      "osi_layer": "PRESENTATION",
      "reference": null,
      "severity": "LOW",
    },
    Object {
      "attributes": undefined,
      "category": "Robot",
      "description": "The server may be vulnerable to the \\"Return Of Bleichenbacher's Oracle Threat\\". However, the results were inconsistent.",
      "hint": null,
      "id": "49bf7fd3-8512-4d73-a28f-608e493cd726",
      "location": "https://www.yahoo.com:443",
      "name": "Probably vulnerable to ROBOT attack",
      "osi_layer": "PRESENTATION",
      "reference": null,
      "severity": "MEDIUM",
    },
    Object {
      "attributes": undefined,
      "category": "SSLv2",
      "description": "The server supports at least one cipher suite using the SSLv2 protocol.",
      "hint": null,
      "id": "49bf7fd3-8512-4d73-a28f-608e493cd726",
      "location": "https://www.yahoo.com:443",
      "name": "SSLv2 supported",
      "osi_layer": "PRESENTATION",
      "reference": null,
      "severity": "INFORMATIONAL",
    },
    Object {
      "attributes": Object {
        "cipher": "test1",
        "error": "Test failure 1",
      },
      "category": "SSLv2",
      "description": "At least one error occurred during negotiation using the SSLv2 protocol.",
      "hint": null,
      "id": "49bf7fd3-8512-4d73-a28f-608e493cd726",
      "location": "https://www.yahoo.com:443",
      "name": "SSLv2 negotation error",
      "osi_layer": "PRESENTATION",
      "reference": null,
      "severity": "LOW",
    },
    Object {
      "attributes": Object {
        "cipher": "test2",
        "error": "Test failure 2",
      },
      "category": "SSLv2",
      "description": "At least one error occurred during negotiation using the SSLv2 protocol.",
      "hint": null,
      "id": "49bf7fd3-8512-4d73-a28f-608e493cd726",
      "location": "https://www.yahoo.com:443",
      "name": "SSLv2 negotation error",
      "osi_layer": "PRESENTATION",
      "reference": null,
      "severity": "LOW",
    },
    Object {
      "attributes": undefined,
      "category": "SSLv3",
      "description": "The server supports at least one cipher suite using the SSLv3 protocol.",
      "hint": null,
      "id": "49bf7fd3-8512-4d73-a28f-608e493cd726",
      "location": "https://www.yahoo.com:443",
      "name": "SSLv3 supported",
      "osi_layer": "PRESENTATION",
      "reference": null,
      "severity": "INFORMATIONAL",
    },
    Object {
      "attributes": Object {
        "cipher": "test1",
        "error": "Test failure 1",
      },
      "category": "SSLv3",
      "description": "At least one error occurred during negotiation using the SSLv3 protocol.",
      "hint": null,
      "id": "49bf7fd3-8512-4d73-a28f-608e493cd726",
      "location": "https://www.yahoo.com:443",
      "name": "SSLv3 negotation error",
      "osi_layer": "PRESENTATION",
      "reference": null,
      "severity": "LOW",
    },
    Object {
      "attributes": Object {
        "cipher": "test2",
        "error": "Test failure 2",
      },
      "category": "SSLv3",
      "description": "At least one error occurred during negotiation using the SSLv3 protocol.",
      "hint": null,
      "id": "49bf7fd3-8512-4d73-a28f-608e493cd726",
      "location": "https://www.yahoo.com:443",
      "name": "SSLv3 negotation error",
      "osi_layer": "PRESENTATION",
      "reference": null,
      "severity": "LOW",
    },
    Object {
      "attributes": undefined,
      "category": "TLSv1",
      "description": "The server supports at least one cipher suite using the TLSv1 protocol.",
      "hint": null,
      "id": "49bf7fd3-8512-4d73-a28f-608e493cd726",
      "location": "https://www.yahoo.com:443",
      "name": "TLSv1 supported",
      "osi_layer": "PRESENTATION",
      "reference": null,
      "severity": "LOW",
    },
    Object {
      "attributes": Object {
        "cipher": "test1",
        "error": "Test failure 1",
      },
      "category": "TLSv1",
      "description": "At least one error occurred during negotiation using the TLSv1 protocol.",
      "hint": null,
      "id": "49bf7fd3-8512-4d73-a28f-608e493cd726",
      "location": "https://www.yahoo.com:443",
      "name": "TLSv1 negotation error",
      "osi_layer": "PRESENTATION",
      "reference": null,
      "severity": "LOW",
    },
    Object {
      "attributes": Object {
        "cipher": "test2",
        "error": "Test failure 2",
      },
      "category": "TLSv1",
      "description": "At least one error occurred during negotiation using the TLSv1 protocol.",
      "hint": null,
      "id": "49bf7fd3-8512-4d73-a28f-608e493cd726",
      "location": "https://www.yahoo.com:443",
      "name": "TLSv1 negotation error",
      "osi_layer": "PRESENTATION",
      "reference": null,
      "severity": "LOW",
    },
    Object {
      "attributes": undefined,
      "category": "TLSv1.1",
      "description": "The server supports at least one cipher suite using the TLSv1.1 protocol.",
      "hint": null,
      "id": "49bf7fd3-8512-4d73-a28f-608e493cd726",
      "location": "https://www.yahoo.com:443",
      "name": "TLSv1.1 supported",
      "osi_layer": "PRESENTATION",
      "reference": null,
      "severity": "INFORMATIONAL",
    },
    Object {
      "attributes": Object {
        "cipher": "test1",
        "error": "Test failure 1",
      },
      "category": "TLSv1.1",
      "description": "At least one error occurred during negotiation using the TLSv1.1 protocol.",
      "hint": null,
      "id": "49bf7fd3-8512-4d73-a28f-608e493cd726",
      "location": "https://www.yahoo.com:443",
      "name": "TLSv1.1 negotation error",
      "osi_layer": "PRESENTATION",
      "reference": null,
      "severity": "LOW",
    },
    Object {
      "attributes": Object {
        "cipher": "test2",
        "error": "Test failure 2",
      },
      "category": "TLSv1.1",
      "description": "At least one error occurred during negotiation using the TLSv1.1 protocol.",
      "hint": null,
      "id": "49bf7fd3-8512-4d73-a28f-608e493cd726",
      "location": "https://www.yahoo.com:443",
      "name": "TLSv1.1 negotation error",
      "osi_layer": "PRESENTATION",
      "reference": null,
      "severity": "LOW",
    },
    Object {
      "attributes": undefined,
      "category": "TLSv1.2",
      "description": "The server supports at least one cipher suite using the TLSv1.2 protocol.",
      "hint": null,
      "id": "49bf7fd3-8512-4d73-a28f-608e493cd726",
      "location": "https://www.yahoo.com:443",
      "name": "TLSv1.2 supported",
      "osi_layer": "PRESENTATION",
      "reference": null,
      "severity": "INFORMATIONAL",
    },
    Object {
      "attributes": Object {
        "cipher": "test1",
        "error": "Test failure 1",
      },
      "category": "TLSv1.2",
      "description": "At least one error occurred during negotiation using the TLSv1.2 protocol.",
      "hint": null,
      "id": "49bf7fd3-8512-4d73-a28f-608e493cd726",
      "location": "https://www.yahoo.com:443",
      "name": "TLSv1.2 negotation error",
      "osi_layer": "PRESENTATION",
      "reference": null,
      "severity": "LOW",
    },
    Object {
      "attributes": Object {
        "cipher": "test2",
        "error": "Test failure 2",
      },
      "category": "TLSv1.2",
      "description": "At least one error occurred during negotiation using the TLSv1.2 protocol.",
      "hint": null,
      "id": "49bf7fd3-8512-4d73-a28f-608e493cd726",
      "location": "https://www.yahoo.com:443",
      "name": "TLSv1.2 negotation error",
      "osi_layer": "PRESENTATION",
      "reference": null,
      "severity": "LOW",
    },
    Object {
      "attributes": undefined,
      "category": "TLSv1.3",
      "description": "The server supports at least one cipher suite using the TLSv1.3 protocol.",
      "hint": null,
      "id": "49bf7fd3-8512-4d73-a28f-608e493cd726",
      "location": "https://www.yahoo.com:443",
      "name": "TLSv1.3 supported",
      "osi_layer": "PRESENTATION",
      "reference": null,
      "severity": "INFORMATIONAL",
    },
    Object {
      "attributes": Object {
        "cipher": "test1",
        "error": "Test failure 1",
      },
      "category": "TLSv1.3",
      "description": "At least one error occurred during negotiation using the TLSv1.3 protocol.",
      "hint": null,
      "id": "49bf7fd3-8512-4d73-a28f-608e493cd726",
      "location": "https://www.yahoo.com:443",
      "name": "TLSv1.3 negotation error",
      "osi_layer": "PRESENTATION",
      "reference": null,
      "severity": "LOW",
    },
    Object {
      "attributes": Object {
        "cipher": "test2",
        "error": "Test failure 2",
      },
      "category": "TLSv1.3",
      "description": "At least one error occurred during negotiation using the TLSv1.3 protocol.",
      "hint": null,
      "id": "49bf7fd3-8512-4d73-a28f-608e493cd726",
      "location": "https://www.yahoo.com:443",
      "name": "TLSv1.3 negotation error",
      "osi_layer": "PRESENTATION",
      "reference": null,
      "severity": "LOW",
    },
    Object {
      "attributes": Object {
        "scts_count": 2,
      },
      "category": "Certificate info",
      "description": "The number of Signed Certificate Timestamps (SCTs) for Certificate Transparency is embedded in the leaf certificate. Its value is 2.",
      "hint": null,
      "id": "49bf7fd3-8512-4d73-a28f-608e493cd726",
      "location": "https://www.yahoo.com:443",
      "name": "Certificate includes SCTS count",
      "osi_layer": "PRESENTATION",
      "reference": null,
      "severity": "INFORMATIONAL",
    },
    Object {
      "attributes": undefined,
      "category": "Certificate info",
      "description": "Some of the leaf or intermediate certificates are signed using the SHA-1 algorithm.",
      "hint": null,
      "id": "49bf7fd3-8512-4d73-a28f-608e493cd726",
      "location": "https://www.yahoo.com:443",
      "name": "SHA1 in certificate chain",
      "osi_layer": "PRESENTATION",
      "reference": null,
      "severity": "HIGH",
    },
    Object {
      "attributes": undefined,
      "category": "Certificate info",
      "description": "The chain order sent by the server is invalid.",
      "hint": null,
      "id": "49bf7fd3-8512-4d73-a28f-608e493cd726",
      "location": "https://www.yahoo.com:443",
      "name": "Chain order invalid",
      "osi_layer": "PRESENTATION",
      "reference": null,
      "severity": "LOW",
    },
    Object {
      "attributes": undefined,
      "category": "Certificate info",
      "description": "The certificate has not been validated by the certificate authority according to the standardized set of requirements set out in the CA/Browser Forum Extended Validation Certificate Guidelines. (https://wiki.mozilla.org/EV)",
      "hint": null,
      "id": "49bf7fd3-8512-4d73-a28f-608e493cd726",
      "location": "https://www.yahoo.com:443",
      "name": "No extended validation certificate",
      "osi_layer": "PRESENTATION",
      "reference": null,
      "severity": "INFORMATIONAL",
    },
    Object {
      "attributes": undefined,
      "category": "Certificate info",
      "description": "The server did not send an OCSP response.",
      "hint": null,
      "id": "49bf7fd3-8512-4d73-a28f-608e493cd726",
      "location": "https://www.yahoo.com:443",
      "name": "No OCSP response",
      "osi_layer": "PRESENTATION",
      "reference": null,
      "severity": "INFORMATIONAL",
    },
    Object {
      "attributes": Object {
        "error": "Test failure",
      },
      "category": "Certificate info",
      "description": "An error occurred while attempting to validate the server's certificate chain: Test failure",
      "hint": null,
      "id": "49bf7fd3-8512-4d73-a28f-608e493cd726",
      "location": "https://www.yahoo.com:443",
      "name": "Certificate chain validation error",
      "osi_layer": "PRESENTATION",
      "reference": null,
      "severity": "MEDIUM",
    },
    Object {
      "attributes": Object {
        "distrust_timeline": "SEPTEMBER_2018",
      },
      "category": "Certificate info",
      "description": "The certificate was issued by one of the Symantec CAs and will be distrusted in Chrome and Firefox in SEPTEMBER_2018.",
      "hint": null,
      "id": "49bf7fd3-8512-4d73-a28f-608e493cd726",
      "location": "https://www.yahoo.com:443",
      "name": "Certificate will be distrusted",
      "osi_layer": "PRESENTATION",
      "reference": null,
      "severity": "LOW",
    },
    Object {
      "attributes": Object {
        "name": "some compression method",
      },
      "category": "Compression",
      "description": "The server supports the compression algorithm some compression method.",
      "hint": null,
      "id": "49bf7fd3-8512-4d73-a28f-608e493cd726",
      "location": "https://www.yahoo.com:443",
      "name": "Compression method exposed",
      "osi_layer": "PRESENTATION",
      "reference": null,
      "severity": "INFORMATIONAL",
    },
    Object {
      "attributes": undefined,
      "category": "Fallback",
      "description": "The server does not support the SCSV cipher suite which would prevent downgrade attacks if it was supported.",
      "hint": null,
      "id": "49bf7fd3-8512-4d73-a28f-608e493cd726",
      "location": "https://www.yahoo.com:443",
      "name": "No SCSV fallback support",
      "osi_layer": "PRESENTATION",
      "reference": null,
      "severity": "LOW",
    },
    Object {
      "attributes": undefined,
      "category": "Heartbleed",
      "description": "The server is vulnerable to the Heartbleed attack.",
      "hint": null,
      "id": "49bf7fd3-8512-4d73-a28f-608e493cd726",
      "location": "https://www.yahoo.com:443",
      "name": "Vulnerable to Heartbleed",
      "osi_layer": "PRESENTATION",
      "reference": null,
      "severity": "HIGH",
    },
    Object {
      "attributes": undefined,
      "category": "CCS",
      "description": "The server is vulnerable to OpenSSL's CCS injection issue.",
      "hint": null,
      "id": "49bf7fd3-8512-4d73-a28f-608e493cd726",
      "location": "https://www.yahoo.com:443",
      "name": "Vulnerable to CCS injection",
      "osi_layer": "PRESENTATION",
      "reference": null,
      "severity": "HIGH",
    },
    Object {
      "attributes": undefined,
      "category": "Renegotiation",
      "description": "The server honors client-initiated renegotiation attempts.",
      "hint": null,
      "id": "49bf7fd3-8512-4d73-a28f-608e493cd726",
      "location": "https://www.yahoo.com:443",
      "name": "Accepts client renegotiation",
      "osi_layer": "PRESENTATION",
      "reference": null,
      "severity": "HIGH",
    },
    Object {
      "attributes": undefined,
      "category": "Renegotiation",
      "description": "The server does not support secure renegotiation.",
      "hint": null,
      "id": "49bf7fd3-8512-4d73-a28f-608e493cd726",
      "location": "https://www.yahoo.com:443",
      "name": "No support for secure renegotiation",
      "osi_layer": "PRESENTATION",
      "reference": null,
      "severity": "HIGH",
    },
    Object {
      "attributes": undefined,
      "category": "Resumption",
      "description": "The server does not support session resumption through ticket encapsulation.",
      "hint": null,
      "id": "49bf7fd3-8512-4d73-a28f-608e493cd726",
      "location": "https://www.yahoo.com:443",
      "name": "Ticket resumption not supported",
      "osi_layer": "PRESENTATION",
      "reference": null,
      "severity": "INFORMATIONAL",
    },
    Object {
      "attributes": undefined,
      "category": "Resumption",
      "description": "At least one session resumption succeeded.",
      "hint": null,
      "id": "49bf7fd3-8512-4d73-a28f-608e493cd726",
      "location": "https://www.yahoo.com:443",
      "name": "Session resumption succeeded",
      "osi_layer": "PRESENTATION",
      "reference": null,
      "severity": "INFORMATIONAL",
    },
    Object {
      "attributes": Object {
        "error": "Test failure",
      },
      "category": "Resumption",
      "description": "At least one session resumption failed.",
      "hint": null,
      "id": "49bf7fd3-8512-4d73-a28f-608e493cd726",
      "location": "https://www.yahoo.com:443",
      "name": "Session resumption failed",
      "osi_layer": "PRESENTATION",
      "reference": null,
      "severity": "LOW",
    },
    Object {
      "attributes": undefined,
      "category": "Robot",
      "description": "The server may be vulnerable to the \\"Return Of Bleichenbacher's Oracle Threat\\". However, the results were inconsistent.",
      "hint": null,
      "id": "49bf7fd3-8512-4d73-a28f-608e493cd726",
      "location": "https://www.yahoo.com:443",
      "name": "Probably vulnerable to ROBOT attack",
      "osi_layer": "PRESENTATION",
      "reference": null,
      "severity": "MEDIUM",
    },
    Object {
      "attributes": undefined,
      "category": "SSLv2",
      "description": "The server supports at least one cipher suite using the SSLv2 protocol.",
      "hint": null,
      "id": "49bf7fd3-8512-4d73-a28f-608e493cd726",
      "location": "https://www.yahoo.com:443",
      "name": "SSLv2 supported",
      "osi_layer": "PRESENTATION",
      "reference": null,
      "severity": "INFORMATIONAL",
    },
    Object {
      "attributes": Object {
        "cipher": "test1",
        "error": "Test failure 1",
      },
      "category": "SSLv2",
      "description": "At least one error occurred during negotiation using the SSLv2 protocol.",
      "hint": null,
      "id": "49bf7fd3-8512-4d73-a28f-608e493cd726",
      "location": "https://www.yahoo.com:443",
      "name": "SSLv2 negotation error",
      "osi_layer": "PRESENTATION",
      "reference": null,
      "severity": "LOW",
    },
    Object {
      "attributes": Object {
        "cipher": "test2",
        "error": "Test failure 2",
      },
      "category": "SSLv2",
      "description": "At least one error occurred during negotiation using the SSLv2 protocol.",
      "hint": null,
      "id": "49bf7fd3-8512-4d73-a28f-608e493cd726",
      "location": "https://www.yahoo.com:443",
      "name": "SSLv2 negotation error",
      "osi_layer": "PRESENTATION",
      "reference": null,
      "severity": "LOW",
    },
    Object {
      "attributes": undefined,
      "category": "SSLv3",
      "description": "The server supports at least one cipher suite using the SSLv3 protocol.",
      "hint": null,
      "id": "49bf7fd3-8512-4d73-a28f-608e493cd726",
      "location": "https://www.yahoo.com:443",
      "name": "SSLv3 supported",
      "osi_layer": "PRESENTATION",
      "reference": null,
      "severity": "INFORMATIONAL",
    },
    Object {
      "attributes": Object {
        "cipher": "test1",
        "error": "Test failure 1",
      },
      "category": "SSLv3",
      "description": "At least one error occurred during negotiation using the SSLv3 protocol.",
      "hint": null,
      "id": "49bf7fd3-8512-4d73-a28f-608e493cd726",
      "location": "https://www.yahoo.com:443",
      "name": "SSLv3 negotation error",
      "osi_layer": "PRESENTATION",
      "reference": null,
      "severity": "LOW",
    },
    Object {
      "attributes": Object {
        "cipher": "test2",
        "error": "Test failure 2",
      },
      "category": "SSLv3",
      "description": "At least one error occurred during negotiation using the SSLv3 protocol.",
      "hint": null,
      "id": "49bf7fd3-8512-4d73-a28f-608e493cd726",
      "location": "https://www.yahoo.com:443",
      "name": "SSLv3 negotation error",
      "osi_layer": "PRESENTATION",
      "reference": null,
      "severity": "LOW",
    },
    Object {
      "attributes": undefined,
      "category": "TLSv1",
      "description": "The server supports at least one cipher suite using the TLSv1 protocol.",
      "hint": null,
      "id": "49bf7fd3-8512-4d73-a28f-608e493cd726",
      "location": "https://www.yahoo.com:443",
      "name": "TLSv1 supported",
      "osi_layer": "PRESENTATION",
      "reference": null,
      "severity": "LOW",
    },
    Object {
      "attributes": Object {
        "cipher": "test1",
        "error": "Test failure 1",
      },
      "category": "TLSv1",
      "description": "At least one error occurred during negotiation using the TLSv1 protocol.",
      "hint": null,
      "id": "49bf7fd3-8512-4d73-a28f-608e493cd726",
      "location": "https://www.yahoo.com:443",
      "name": "TLSv1 negotation error",
      "osi_layer": "PRESENTATION",
      "reference": null,
      "severity": "LOW",
    },
    Object {
      "attributes": Object {
        "cipher": "test2",
        "error": "Test failure 2",
      },
      "category": "TLSv1",
      "description": "At least one error occurred during negotiation using the TLSv1 protocol.",
      "hint": null,
      "id": "49bf7fd3-8512-4d73-a28f-608e493cd726",
      "location": "https://www.yahoo.com:443",
      "name": "TLSv1 negotation error",
      "osi_layer": "PRESENTATION",
      "reference": null,
      "severity": "LOW",
    },
    Object {
      "attributes": undefined,
      "category": "TLSv1.1",
      "description": "The server supports at least one cipher suite using the TLSv1.1 protocol.",
      "hint": null,
      "id": "49bf7fd3-8512-4d73-a28f-608e493cd726",
      "location": "https://www.yahoo.com:443",
      "name": "TLSv1.1 supported",
      "osi_layer": "PRESENTATION",
      "reference": null,
      "severity": "INFORMATIONAL",
    },
    Object {
      "attributes": Object {
        "cipher": "test1",
        "error": "Test failure 1",
      },
      "category": "TLSv1.1",
      "description": "At least one error occurred during negotiation using the TLSv1.1 protocol.",
      "hint": null,
      "id": "49bf7fd3-8512-4d73-a28f-608e493cd726",
      "location": "https://www.yahoo.com:443",
      "name": "TLSv1.1 negotation error",
      "osi_layer": "PRESENTATION",
      "reference": null,
      "severity": "LOW",
    },
    Object {
      "attributes": Object {
        "cipher": "test2",
        "error": "Test failure 2",
      },
      "category": "TLSv1.1",
      "description": "At least one error occurred during negotiation using the TLSv1.1 protocol.",
      "hint": null,
      "id": "49bf7fd3-8512-4d73-a28f-608e493cd726",
      "location": "https://www.yahoo.com:443",
      "name": "TLSv1.1 negotation error",
      "osi_layer": "PRESENTATION",
      "reference": null,
      "severity": "LOW",
    },
    Object {
      "attributes": undefined,
      "category": "TLSv1.2",
      "description": "The server supports at least one cipher suite using the TLSv1.2 protocol.",
      "hint": null,
      "id": "49bf7fd3-8512-4d73-a28f-608e493cd726",
      "location": "https://www.yahoo.com:443",
      "name": "TLSv1.2 supported",
      "osi_layer": "PRESENTATION",
      "reference": null,
      "severity": "INFORMATIONAL",
    },
    Object {
      "attributes": Object {
        "cipher": "test1",
        "error": "Test failure 1",
      },
      "category": "TLSv1.2",
      "description": "At least one error occurred during negotiation using the TLSv1.2 protocol.",
      "hint": null,
      "id": "49bf7fd3-8512-4d73-a28f-608e493cd726",
      "location": "https://www.yahoo.com:443",
      "name": "TLSv1.2 negotation error",
      "osi_layer": "PRESENTATION",
      "reference": null,
      "severity": "LOW",
    },
    Object {
      "attributes": Object {
        "cipher": "test2",
        "error": "Test failure 2",
      },
      "category": "TLSv1.2",
      "description": "At least one error occurred during negotiation using the TLSv1.2 protocol.",
      "hint": null,
      "id": "49bf7fd3-8512-4d73-a28f-608e493cd726",
      "location": "https://www.yahoo.com:443",
      "name": "TLSv1.2 negotation error",
      "osi_layer": "PRESENTATION",
      "reference": null,
      "severity": "LOW",
    },
    Object {
      "attributes": undefined,
      "category": "TLSv1.3",
      "description": "The server supports at least one cipher suite using the TLSv1.3 protocol.",
      "hint": null,
      "id": "49bf7fd3-8512-4d73-a28f-608e493cd726",
      "location": "https://www.yahoo.com:443",
      "name": "TLSv1.3 supported",
      "osi_layer": "PRESENTATION",
      "reference": null,
      "severity": "INFORMATIONAL",
    },
    Object {
      "attributes": Object {
        "cipher": "test1",
        "error": "Test failure 1",
      },
      "category": "TLSv1.3",
      "description": "At least one error occurred during negotiation using the TLSv1.3 protocol.",
      "hint": null,
      "id": "49bf7fd3-8512-4d73-a28f-608e493cd726",
      "location": "https://www.yahoo.com:443",
      "name": "TLSv1.3 negotation error",
      "osi_layer": "PRESENTATION",
      "reference": null,
      "severity": "LOW",
    },
    Object {
      "attributes": Object {
        "cipher": "test2",
        "error": "Test failure 2",
      },
      "category": "TLSv1.3",
      "description": "At least one error occurred during negotiation using the TLSv1.3 protocol.",
      "hint": null,
      "id": "49bf7fd3-8512-4d73-a28f-608e493cd726",
      "location": "https://www.yahoo.com:443",
      "name": "TLSv1.3 negotation error",
      "osi_layer": "PRESENTATION",
      "reference": null,
      "severity": "LOW",
    },
  ],
}
`;

exports[`sslyze worker should take parameters 1`] = `
Object {
  "raw": Array [
    "some JSON",
  ],
  "result": Array [
    Object {
      "attributes": Object {
        "scts_count": 2,
      },
      "category": "Certificate info",
      "description": "The number of Signed Certificate Timestamps (SCTs) for Certificate Transparency is embedded in the leaf certificate. Its value is 2.",
      "hint": null,
      "id": "49bf7fd3-8512-4d73-a28f-608e493cd726",
      "location": "https://www.yahoo.com:443",
      "name": "Certificate includes SCTS count",
      "osi_layer": "PRESENTATION",
      "reference": null,
      "severity": "INFORMATIONAL",
    },
    Object {
      "attributes": undefined,
      "category": "Certificate info",
      "description": "Some of the leaf or intermediate certificates are signed using the SHA-1 algorithm.",
      "hint": null,
      "id": "49bf7fd3-8512-4d73-a28f-608e493cd726",
      "location": "https://www.yahoo.com:443",
      "name": "SHA1 in certificate chain",
      "osi_layer": "PRESENTATION",
      "reference": null,
      "severity": "HIGH",
    },
    Object {
      "attributes": undefined,
      "category": "Certificate info",
      "description": "The chain order sent by the server is invalid.",
      "hint": null,
      "id": "49bf7fd3-8512-4d73-a28f-608e493cd726",
      "location": "https://www.yahoo.com:443",
      "name": "Chain order invalid",
      "osi_layer": "PRESENTATION",
      "reference": null,
      "severity": "LOW",
    },
    Object {
      "attributes": undefined,
      "category": "Certificate info",
      "description": "The certificate has not been validated by the certificate authority according to the standardized set of requirements set out in the CA/Browser Forum Extended Validation Certificate Guidelines. (https://wiki.mozilla.org/EV)",
      "hint": null,
      "id": "49bf7fd3-8512-4d73-a28f-608e493cd726",
      "location": "https://www.yahoo.com:443",
      "name": "No extended validation certificate",
      "osi_layer": "PRESENTATION",
      "reference": null,
      "severity": "INFORMATIONAL",
    },
    Object {
      "attributes": undefined,
      "category": "Certificate info",
      "description": "The server did not send an OCSP response.",
      "hint": null,
      "id": "49bf7fd3-8512-4d73-a28f-608e493cd726",
      "location": "https://www.yahoo.com:443",
      "name": "No OCSP response",
      "osi_layer": "PRESENTATION",
      "reference": null,
      "severity": "INFORMATIONAL",
    },
    Object {
      "attributes": Object {
        "error": "Test failure",
      },
      "category": "Certificate info",
      "description": "An error occurred while attempting to validate the server's certificate chain: Test failure",
      "hint": null,
      "id": "49bf7fd3-8512-4d73-a28f-608e493cd726",
      "location": "https://www.yahoo.com:443",
      "name": "Certificate chain validation error",
      "osi_layer": "PRESENTATION",
      "reference": null,
      "severity": "MEDIUM",
    },
    Object {
      "attributes": Object {
        "distrust_timeline": "SEPTEMBER_2018",
      },
      "category": "Certificate info",
      "description": "The certificate was issued by one of the Symantec CAs and will be distrusted in Chrome and Firefox in SEPTEMBER_2018.",
      "hint": null,
      "id": "49bf7fd3-8512-4d73-a28f-608e493cd726",
      "location": "https://www.yahoo.com:443",
      "name": "Certificate will be distrusted",
      "osi_layer": "PRESENTATION",
      "reference": null,
      "severity": "LOW",
    },
    Object {
      "attributes": Object {
        "name": "some compression method",
      },
      "category": "Compression",
      "description": "The server supports the compression algorithm some compression method.",
      "hint": null,
      "id": "49bf7fd3-8512-4d73-a28f-608e493cd726",
      "location": "https://www.yahoo.com:443",
      "name": "Compression method exposed",
      "osi_layer": "PRESENTATION",
      "reference": null,
      "severity": "INFORMATIONAL",
    },
    Object {
      "attributes": undefined,
      "category": "Fallback",
      "description": "The server does not support the SCSV cipher suite which would prevent downgrade attacks if it was supported.",
      "hint": null,
      "id": "49bf7fd3-8512-4d73-a28f-608e493cd726",
      "location": "https://www.yahoo.com:443",
      "name": "No SCSV fallback support",
      "osi_layer": "PRESENTATION",
      "reference": null,
      "severity": "LOW",
    },
    Object {
      "attributes": undefined,
      "category": "Heartbleed",
      "description": "The server is vulnerable to the Heartbleed attack.",
      "hint": null,
      "id": "49bf7fd3-8512-4d73-a28f-608e493cd726",
      "location": "https://www.yahoo.com:443",
      "name": "Vulnerable to Heartbleed",
      "osi_layer": "PRESENTATION",
      "reference": null,
      "severity": "HIGH",
    },
    Object {
      "attributes": undefined,
      "category": "CCS",
      "description": "The server is vulnerable to OpenSSL's CCS injection issue.",
      "hint": null,
      "id": "49bf7fd3-8512-4d73-a28f-608e493cd726",
      "location": "https://www.yahoo.com:443",
      "name": "Vulnerable to CCS injection",
      "osi_layer": "PRESENTATION",
      "reference": null,
      "severity": "HIGH",
    },
    Object {
      "attributes": undefined,
      "category": "Renegotiation",
      "description": "The server honors client-initiated renegotiation attempts.",
      "hint": null,
      "id": "49bf7fd3-8512-4d73-a28f-608e493cd726",
      "location": "https://www.yahoo.com:443",
      "name": "Accepts client renegotiation",
      "osi_layer": "PRESENTATION",
      "reference": null,
      "severity": "HIGH",
    },
    Object {
      "attributes": undefined,
      "category": "Renegotiation",
      "description": "The server does not support secure renegotiation.",
      "hint": null,
      "id": "49bf7fd3-8512-4d73-a28f-608e493cd726",
      "location": "https://www.yahoo.com:443",
      "name": "No support for secure renegotiation",
      "osi_layer": "PRESENTATION",
      "reference": null,
      "severity": "HIGH",
    },
    Object {
      "attributes": undefined,
      "category": "Resumption",
      "description": "The server does not support session resumption through ticket encapsulation.",
      "hint": null,
      "id": "49bf7fd3-8512-4d73-a28f-608e493cd726",
      "location": "https://www.yahoo.com:443",
      "name": "Ticket resumption not supported",
      "osi_layer": "PRESENTATION",
      "reference": null,
      "severity": "INFORMATIONAL",
    },
    Object {
      "attributes": undefined,
      "category": "Resumption",
      "description": "At least one session resumption succeeded.",
      "hint": null,
      "id": "49bf7fd3-8512-4d73-a28f-608e493cd726",
      "location": "https://www.yahoo.com:443",
      "name": "Session resumption succeeded",
      "osi_layer": "PRESENTATION",
      "reference": null,
      "severity": "INFORMATIONAL",
    },
    Object {
      "attributes": Object {
        "error": "Test failure",
      },
      "category": "Resumption",
      "description": "At least one session resumption failed.",
      "hint": null,
      "id": "49bf7fd3-8512-4d73-a28f-608e493cd726",
      "location": "https://www.yahoo.com:443",
      "name": "Session resumption failed",
      "osi_layer": "PRESENTATION",
      "reference": null,
      "severity": "LOW",
    },
    Object {
      "attributes": undefined,
      "category": "Robot",
      "description": "The server may be vulnerable to the \\"Return Of Bleichenbacher's Oracle Threat\\". However, the results were inconsistent.",
      "hint": null,
      "id": "49bf7fd3-8512-4d73-a28f-608e493cd726",
      "location": "https://www.yahoo.com:443",
      "name": "Probably vulnerable to ROBOT attack",
      "osi_layer": "PRESENTATION",
      "reference": null,
      "severity": "MEDIUM",
    },
    Object {
      "attributes": undefined,
      "category": "SSLv2",
      "description": "The server supports at least one cipher suite using the SSLv2 protocol.",
      "hint": null,
      "id": "49bf7fd3-8512-4d73-a28f-608e493cd726",
      "location": "https://www.yahoo.com:443",
      "name": "SSLv2 supported",
      "osi_layer": "PRESENTATION",
      "reference": null,
      "severity": "INFORMATIONAL",
    },
    Object {
      "attributes": Object {
        "cipher": "test1",
        "error": "Test failure 1",
      },
      "category": "SSLv2",
      "description": "At least one error occurred during negotiation using the SSLv2 protocol.",
      "hint": null,
      "id": "49bf7fd3-8512-4d73-a28f-608e493cd726",
      "location": "https://www.yahoo.com:443",
      "name": "SSLv2 negotation error",
      "osi_layer": "PRESENTATION",
      "reference": null,
      "severity": "LOW",
    },
    Object {
      "attributes": Object {
        "cipher": "test2",
        "error": "Test failure 2",
      },
      "category": "SSLv2",
      "description": "At least one error occurred during negotiation using the SSLv2 protocol.",
      "hint": null,
      "id": "49bf7fd3-8512-4d73-a28f-608e493cd726",
      "location": "https://www.yahoo.com:443",
      "name": "SSLv2 negotation error",
      "osi_layer": "PRESENTATION",
      "reference": null,
      "severity": "LOW",
    },
    Object {
      "attributes": undefined,
      "category": "SSLv3",
      "description": "The server supports at least one cipher suite using the SSLv3 protocol.",
      "hint": null,
      "id": "49bf7fd3-8512-4d73-a28f-608e493cd726",
      "location": "https://www.yahoo.com:443",
      "name": "SSLv3 supported",
      "osi_layer": "PRESENTATION",
      "reference": null,
      "severity": "INFORMATIONAL",
    },
    Object {
      "attributes": Object {
        "cipher": "test1",
        "error": "Test failure 1",
      },
      "category": "SSLv3",
      "description": "At least one error occurred during negotiation using the SSLv3 protocol.",
      "hint": null,
      "id": "49bf7fd3-8512-4d73-a28f-608e493cd726",
      "location": "https://www.yahoo.com:443",
      "name": "SSLv3 negotation error",
      "osi_layer": "PRESENTATION",
      "reference": null,
      "severity": "LOW",
    },
    Object {
      "attributes": Object {
        "cipher": "test2",
        "error": "Test failure 2",
      },
      "category": "SSLv3",
      "description": "At least one error occurred during negotiation using the SSLv3 protocol.",
      "hint": null,
      "id": "49bf7fd3-8512-4d73-a28f-608e493cd726",
      "location": "https://www.yahoo.com:443",
      "name": "SSLv3 negotation error",
      "osi_layer": "PRESENTATION",
      "reference": null,
      "severity": "LOW",
    },
    Object {
      "attributes": undefined,
      "category": "TLSv1",
      "description": "The server supports at least one cipher suite using the TLSv1 protocol.",
      "hint": null,
      "id": "49bf7fd3-8512-4d73-a28f-608e493cd726",
      "location": "https://www.yahoo.com:443",
      "name": "TLSv1 supported",
      "osi_layer": "PRESENTATION",
      "reference": null,
      "severity": "LOW",
    },
    Object {
      "attributes": Object {
        "cipher": "test1",
        "error": "Test failure 1",
      },
      "category": "TLSv1",
      "description": "At least one error occurred during negotiation using the TLSv1 protocol.",
      "hint": null,
      "id": "49bf7fd3-8512-4d73-a28f-608e493cd726",
      "location": "https://www.yahoo.com:443",
      "name": "TLSv1 negotation error",
      "osi_layer": "PRESENTATION",
      "reference": null,
      "severity": "LOW",
    },
    Object {
      "attributes": Object {
        "cipher": "test2",
        "error": "Test failure 2",
      },
      "category": "TLSv1",
      "description": "At least one error occurred during negotiation using the TLSv1 protocol.",
      "hint": null,
      "id": "49bf7fd3-8512-4d73-a28f-608e493cd726",
      "location": "https://www.yahoo.com:443",
      "name": "TLSv1 negotation error",
      "osi_layer": "PRESENTATION",
      "reference": null,
      "severity": "LOW",
    },
    Object {
      "attributes": undefined,
      "category": "TLSv1.1",
      "description": "The server supports at least one cipher suite using the TLSv1.1 protocol.",
      "hint": null,
      "id": "49bf7fd3-8512-4d73-a28f-608e493cd726",
      "location": "https://www.yahoo.com:443",
      "name": "TLSv1.1 supported",
      "osi_layer": "PRESENTATION",
      "reference": null,
      "severity": "INFORMATIONAL",
    },
    Object {
      "attributes": Object {
        "cipher": "test1",
        "error": "Test failure 1",
      },
      "category": "TLSv1.1",
      "description": "At least one error occurred during negotiation using the TLSv1.1 protocol.",
      "hint": null,
      "id": "49bf7fd3-8512-4d73-a28f-608e493cd726",
      "location": "https://www.yahoo.com:443",
      "name": "TLSv1.1 negotation error",
      "osi_layer": "PRESENTATION",
      "reference": null,
      "severity": "LOW",
    },
    Object {
      "attributes": Object {
        "cipher": "test2",
        "error": "Test failure 2",
      },
      "category": "TLSv1.1",
      "description": "At least one error occurred during negotiation using the TLSv1.1 protocol.",
      "hint": null,
      "id": "49bf7fd3-8512-4d73-a28f-608e493cd726",
      "location": "https://www.yahoo.com:443",
      "name": "TLSv1.1 negotation error",
      "osi_layer": "PRESENTATION",
      "reference": null,
      "severity": "LOW",
    },
    Object {
      "attributes": undefined,
      "category": "TLSv1.2",
      "description": "The server supports at least one cipher suite using the TLSv1.2 protocol.",
      "hint": null,
      "id": "49bf7fd3-8512-4d73-a28f-608e493cd726",
      "location": "https://www.yahoo.com:443",
      "name": "TLSv1.2 supported",
      "osi_layer": "PRESENTATION",
      "reference": null,
      "severity": "INFORMATIONAL",
    },
    Object {
      "attributes": Object {
        "cipher": "test1",
        "error": "Test failure 1",
      },
      "category": "TLSv1.2",
      "description": "At least one error occurred during negotiation using the TLSv1.2 protocol.",
      "hint": null,
      "id": "49bf7fd3-8512-4d73-a28f-608e493cd726",
      "location": "https://www.yahoo.com:443",
      "name": "TLSv1.2 negotation error",
      "osi_layer": "PRESENTATION",
      "reference": null,
      "severity": "LOW",
    },
    Object {
      "attributes": Object {
        "cipher": "test2",
        "error": "Test failure 2",
      },
      "category": "TLSv1.2",
      "description": "At least one error occurred during negotiation using the TLSv1.2 protocol.",
      "hint": null,
      "id": "49bf7fd3-8512-4d73-a28f-608e493cd726",
      "location": "https://www.yahoo.com:443",
      "name": "TLSv1.2 negotation error",
      "osi_layer": "PRESENTATION",
      "reference": null,
      "severity": "LOW",
    },
    Object {
      "attributes": undefined,
      "category": "TLSv1.3",
      "description": "The server supports at least one cipher suite using the TLSv1.3 protocol.",
      "hint": null,
      "id": "49bf7fd3-8512-4d73-a28f-608e493cd726",
      "location": "https://www.yahoo.com:443",
      "name": "TLSv1.3 supported",
      "osi_layer": "PRESENTATION",
      "reference": null,
      "severity": "INFORMATIONAL",
    },
    Object {
      "attributes": Object {
        "cipher": "test1",
        "error": "Test failure 1",
      },
      "category": "TLSv1.3",
      "description": "At least one error occurred during negotiation using the TLSv1.3 protocol.",
      "hint": null,
      "id": "49bf7fd3-8512-4d73-a28f-608e493cd726",
      "location": "https://www.yahoo.com:443",
      "name": "TLSv1.3 negotation error",
      "osi_layer": "PRESENTATION",
      "reference": null,
      "severity": "LOW",
    },
    Object {
      "attributes": Object {
        "cipher": "test2",
        "error": "Test failure 2",
      },
      "category": "TLSv1.3",
      "description": "At least one error occurred during negotiation using the TLSv1.3 protocol.",
      "hint": null,
      "id": "49bf7fd3-8512-4d73-a28f-608e493cd726",
      "location": "https://www.yahoo.com:443",
      "name": "TLSv1.3 negotation error",
      "osi_layer": "PRESENTATION",
      "reference": null,
      "severity": "LOW",
    },
  ],
}
`;

exports[`sslyze worker should throw an error if a scan fails 1`] = `"Failed to execute SSLyze scan."`;

exports[`sslyze worker should work with a single target 1`] = `
Object {
  "raw": Array [
    "some JSON",
  ],
  "result": Array [
    Object {
      "attributes": Object {
        "scts_count": 2,
      },
      "category": "Certificate info",
      "description": "The number of Signed Certificate Timestamps (SCTs) for Certificate Transparency is embedded in the leaf certificate. Its value is 2.",
      "hint": null,
      "id": "49bf7fd3-8512-4d73-a28f-608e493cd726",
      "location": "https://www.yahoo.com:443",
      "name": "Certificate includes SCTS count",
      "osi_layer": "PRESENTATION",
      "reference": null,
      "severity": "INFORMATIONAL",
    },
    Object {
      "attributes": undefined,
      "category": "Certificate info",
      "description": "Some of the leaf or intermediate certificates are signed using the SHA-1 algorithm.",
      "hint": null,
      "id": "49bf7fd3-8512-4d73-a28f-608e493cd726",
      "location": "https://www.yahoo.com:443",
      "name": "SHA1 in certificate chain",
      "osi_layer": "PRESENTATION",
      "reference": null,
      "severity": "HIGH",
    },
    Object {
      "attributes": undefined,
      "category": "Certificate info",
      "description": "The chain order sent by the server is invalid.",
      "hint": null,
      "id": "49bf7fd3-8512-4d73-a28f-608e493cd726",
      "location": "https://www.yahoo.com:443",
      "name": "Chain order invalid",
      "osi_layer": "PRESENTATION",
      "reference": null,
      "severity": "LOW",
    },
    Object {
      "attributes": undefined,
      "category": "Certificate info",
      "description": "The certificate has not been validated by the certificate authority according to the standardized set of requirements set out in the CA/Browser Forum Extended Validation Certificate Guidelines. (https://wiki.mozilla.org/EV)",
      "hint": null,
      "id": "49bf7fd3-8512-4d73-a28f-608e493cd726",
      "location": "https://www.yahoo.com:443",
      "name": "No extended validation certificate",
      "osi_layer": "PRESENTATION",
      "reference": null,
      "severity": "INFORMATIONAL",
    },
    Object {
      "attributes": undefined,
      "category": "Certificate info",
      "description": "The server did not send an OCSP response.",
      "hint": null,
      "id": "49bf7fd3-8512-4d73-a28f-608e493cd726",
      "location": "https://www.yahoo.com:443",
      "name": "No OCSP response",
      "osi_layer": "PRESENTATION",
      "reference": null,
      "severity": "INFORMATIONAL",
    },
    Object {
      "attributes": Object {
        "error": "Test failure",
      },
      "category": "Certificate info",
      "description": "An error occurred while attempting to validate the server's certificate chain: Test failure",
      "hint": null,
      "id": "49bf7fd3-8512-4d73-a28f-608e493cd726",
      "location": "https://www.yahoo.com:443",
      "name": "Certificate chain validation error",
      "osi_layer": "PRESENTATION",
      "reference": null,
      "severity": "MEDIUM",
    },
    Object {
      "attributes": Object {
        "distrust_timeline": "SEPTEMBER_2018",
      },
      "category": "Certificate info",
      "description": "The certificate was issued by one of the Symantec CAs and will be distrusted in Chrome and Firefox in SEPTEMBER_2018.",
      "hint": null,
      "id": "49bf7fd3-8512-4d73-a28f-608e493cd726",
      "location": "https://www.yahoo.com:443",
      "name": "Certificate will be distrusted",
      "osi_layer": "PRESENTATION",
      "reference": null,
      "severity": "LOW",
    },
    Object {
      "attributes": Object {
        "name": "some compression method",
      },
      "category": "Compression",
      "description": "The server supports the compression algorithm some compression method.",
      "hint": null,
      "id": "49bf7fd3-8512-4d73-a28f-608e493cd726",
      "location": "https://www.yahoo.com:443",
      "name": "Compression method exposed",
      "osi_layer": "PRESENTATION",
      "reference": null,
      "severity": "INFORMATIONAL",
    },
    Object {
      "attributes": undefined,
      "category": "Fallback",
      "description": "The server does not support the SCSV cipher suite which would prevent downgrade attacks if it was supported.",
      "hint": null,
      "id": "49bf7fd3-8512-4d73-a28f-608e493cd726",
      "location": "https://www.yahoo.com:443",
      "name": "No SCSV fallback support",
      "osi_layer": "PRESENTATION",
      "reference": null,
      "severity": "LOW",
    },
    Object {
      "attributes": undefined,
      "category": "Heartbleed",
      "description": "The server is vulnerable to the Heartbleed attack.",
      "hint": null,
      "id": "49bf7fd3-8512-4d73-a28f-608e493cd726",
      "location": "https://www.yahoo.com:443",
      "name": "Vulnerable to Heartbleed",
      "osi_layer": "PRESENTATION",
      "reference": null,
      "severity": "HIGH",
    },
    Object {
      "attributes": undefined,
      "category": "CCS",
      "description": "The server is vulnerable to OpenSSL's CCS injection issue.",
      "hint": null,
      "id": "49bf7fd3-8512-4d73-a28f-608e493cd726",
      "location": "https://www.yahoo.com:443",
      "name": "Vulnerable to CCS injection",
      "osi_layer": "PRESENTATION",
      "reference": null,
      "severity": "HIGH",
    },
    Object {
      "attributes": undefined,
      "category": "Renegotiation",
      "description": "The server honors client-initiated renegotiation attempts.",
      "hint": null,
      "id": "49bf7fd3-8512-4d73-a28f-608e493cd726",
      "location": "https://www.yahoo.com:443",
      "name": "Accepts client renegotiation",
      "osi_layer": "PRESENTATION",
      "reference": null,
      "severity": "HIGH",
    },
    Object {
      "attributes": undefined,
      "category": "Renegotiation",
      "description": "The server does not support secure renegotiation.",
      "hint": null,
      "id": "49bf7fd3-8512-4d73-a28f-608e493cd726",
      "location": "https://www.yahoo.com:443",
      "name": "No support for secure renegotiation",
      "osi_layer": "PRESENTATION",
      "reference": null,
      "severity": "HIGH",
    },
    Object {
      "attributes": undefined,
      "category": "Resumption",
      "description": "The server does not support session resumption through ticket encapsulation.",
      "hint": null,
      "id": "49bf7fd3-8512-4d73-a28f-608e493cd726",
      "location": "https://www.yahoo.com:443",
      "name": "Ticket resumption not supported",
      "osi_layer": "PRESENTATION",
      "reference": null,
      "severity": "INFORMATIONAL",
    },
    Object {
      "attributes": undefined,
      "category": "Resumption",
      "description": "At least one session resumption succeeded.",
      "hint": null,
      "id": "49bf7fd3-8512-4d73-a28f-608e493cd726",
      "location": "https://www.yahoo.com:443",
      "name": "Session resumption succeeded",
      "osi_layer": "PRESENTATION",
      "reference": null,
      "severity": "INFORMATIONAL",
    },
    Object {
      "attributes": Object {
        "error": "Test failure",
      },
      "category": "Resumption",
      "description": "At least one session resumption failed.",
      "hint": null,
      "id": "49bf7fd3-8512-4d73-a28f-608e493cd726",
      "location": "https://www.yahoo.com:443",
      "name": "Session resumption failed",
      "osi_layer": "PRESENTATION",
      "reference": null,
      "severity": "LOW",
    },
    Object {
      "attributes": undefined,
      "category": "Robot",
      "description": "The server may be vulnerable to the \\"Return Of Bleichenbacher's Oracle Threat\\". However, the results were inconsistent.",
      "hint": null,
      "id": "49bf7fd3-8512-4d73-a28f-608e493cd726",
      "location": "https://www.yahoo.com:443",
      "name": "Probably vulnerable to ROBOT attack",
      "osi_layer": "PRESENTATION",
      "reference": null,
      "severity": "MEDIUM",
    },
    Object {
      "attributes": undefined,
      "category": "SSLv2",
      "description": "The server supports at least one cipher suite using the SSLv2 protocol.",
      "hint": null,
      "id": "49bf7fd3-8512-4d73-a28f-608e493cd726",
      "location": "https://www.yahoo.com:443",
      "name": "SSLv2 supported",
      "osi_layer": "PRESENTATION",
      "reference": null,
      "severity": "INFORMATIONAL",
    },
    Object {
      "attributes": Object {
        "cipher": "test1",
        "error": "Test failure 1",
      },
      "category": "SSLv2",
      "description": "At least one error occurred during negotiation using the SSLv2 protocol.",
      "hint": null,
      "id": "49bf7fd3-8512-4d73-a28f-608e493cd726",
      "location": "https://www.yahoo.com:443",
      "name": "SSLv2 negotation error",
      "osi_layer": "PRESENTATION",
      "reference": null,
      "severity": "LOW",
    },
    Object {
      "attributes": Object {
        "cipher": "test2",
        "error": "Test failure 2",
      },
      "category": "SSLv2",
      "description": "At least one error occurred during negotiation using the SSLv2 protocol.",
      "hint": null,
      "id": "49bf7fd3-8512-4d73-a28f-608e493cd726",
      "location": "https://www.yahoo.com:443",
      "name": "SSLv2 negotation error",
      "osi_layer": "PRESENTATION",
      "reference": null,
      "severity": "LOW",
    },
    Object {
      "attributes": undefined,
      "category": "SSLv3",
      "description": "The server supports at least one cipher suite using the SSLv3 protocol.",
      "hint": null,
      "id": "49bf7fd3-8512-4d73-a28f-608e493cd726",
      "location": "https://www.yahoo.com:443",
      "name": "SSLv3 supported",
      "osi_layer": "PRESENTATION",
      "reference": null,
      "severity": "INFORMATIONAL",
    },
    Object {
      "attributes": Object {
        "cipher": "test1",
        "error": "Test failure 1",
      },
      "category": "SSLv3",
      "description": "At least one error occurred during negotiation using the SSLv3 protocol.",
      "hint": null,
      "id": "49bf7fd3-8512-4d73-a28f-608e493cd726",
      "location": "https://www.yahoo.com:443",
      "name": "SSLv3 negotation error",
      "osi_layer": "PRESENTATION",
      "reference": null,
      "severity": "LOW",
    },
    Object {
      "attributes": Object {
        "cipher": "test2",
        "error": "Test failure 2",
      },
      "category": "SSLv3",
      "description": "At least one error occurred during negotiation using the SSLv3 protocol.",
      "hint": null,
      "id": "49bf7fd3-8512-4d73-a28f-608e493cd726",
      "location": "https://www.yahoo.com:443",
      "name": "SSLv3 negotation error",
      "osi_layer": "PRESENTATION",
      "reference": null,
      "severity": "LOW",
    },
    Object {
      "attributes": undefined,
      "category": "TLSv1",
      "description": "The server supports at least one cipher suite using the TLSv1 protocol.",
      "hint": null,
      "id": "49bf7fd3-8512-4d73-a28f-608e493cd726",
      "location": "https://www.yahoo.com:443",
      "name": "TLSv1 supported",
      "osi_layer": "PRESENTATION",
      "reference": null,
      "severity": "LOW",
    },
    Object {
      "attributes": Object {
        "cipher": "test1",
        "error": "Test failure 1",
      },
      "category": "TLSv1",
      "description": "At least one error occurred during negotiation using the TLSv1 protocol.",
      "hint": null,
      "id": "49bf7fd3-8512-4d73-a28f-608e493cd726",
      "location": "https://www.yahoo.com:443",
      "name": "TLSv1 negotation error",
      "osi_layer": "PRESENTATION",
      "reference": null,
      "severity": "LOW",
    },
    Object {
      "attributes": Object {
        "cipher": "test2",
        "error": "Test failure 2",
      },
      "category": "TLSv1",
      "description": "At least one error occurred during negotiation using the TLSv1 protocol.",
      "hint": null,
      "id": "49bf7fd3-8512-4d73-a28f-608e493cd726",
      "location": "https://www.yahoo.com:443",
      "name": "TLSv1 negotation error",
      "osi_layer": "PRESENTATION",
      "reference": null,
      "severity": "LOW",
    },
    Object {
      "attributes": undefined,
      "category": "TLSv1.1",
      "description": "The server supports at least one cipher suite using the TLSv1.1 protocol.",
      "hint": null,
      "id": "49bf7fd3-8512-4d73-a28f-608e493cd726",
      "location": "https://www.yahoo.com:443",
      "name": "TLSv1.1 supported",
      "osi_layer": "PRESENTATION",
      "reference": null,
      "severity": "INFORMATIONAL",
    },
    Object {
      "attributes": Object {
        "cipher": "test1",
        "error": "Test failure 1",
      },
      "category": "TLSv1.1",
      "description": "At least one error occurred during negotiation using the TLSv1.1 protocol.",
      "hint": null,
      "id": "49bf7fd3-8512-4d73-a28f-608e493cd726",
      "location": "https://www.yahoo.com:443",
      "name": "TLSv1.1 negotation error",
      "osi_layer": "PRESENTATION",
      "reference": null,
      "severity": "LOW",
    },
    Object {
      "attributes": Object {
        "cipher": "test2",
        "error": "Test failure 2",
      },
      "category": "TLSv1.1",
      "description": "At least one error occurred during negotiation using the TLSv1.1 protocol.",
      "hint": null,
      "id": "49bf7fd3-8512-4d73-a28f-608e493cd726",
      "location": "https://www.yahoo.com:443",
      "name": "TLSv1.1 negotation error",
      "osi_layer": "PRESENTATION",
      "reference": null,
      "severity": "LOW",
    },
    Object {
      "attributes": undefined,
      "category": "TLSv1.2",
      "description": "The server supports at least one cipher suite using the TLSv1.2 protocol.",
      "hint": null,
      "id": "49bf7fd3-8512-4d73-a28f-608e493cd726",
      "location": "https://www.yahoo.com:443",
      "name": "TLSv1.2 supported",
      "osi_layer": "PRESENTATION",
      "reference": null,
      "severity": "INFORMATIONAL",
    },
    Object {
      "attributes": Object {
        "cipher": "test1",
        "error": "Test failure 1",
      },
      "category": "TLSv1.2",
      "description": "At least one error occurred during negotiation using the TLSv1.2 protocol.",
      "hint": null,
      "id": "49bf7fd3-8512-4d73-a28f-608e493cd726",
      "location": "https://www.yahoo.com:443",
      "name": "TLSv1.2 negotation error",
      "osi_layer": "PRESENTATION",
      "reference": null,
      "severity": "LOW",
    },
    Object {
      "attributes": Object {
        "cipher": "test2",
        "error": "Test failure 2",
      },
      "category": "TLSv1.2",
      "description": "At least one error occurred during negotiation using the TLSv1.2 protocol.",
      "hint": null,
      "id": "49bf7fd3-8512-4d73-a28f-608e493cd726",
      "location": "https://www.yahoo.com:443",
      "name": "TLSv1.2 negotation error",
      "osi_layer": "PRESENTATION",
      "reference": null,
      "severity": "LOW",
    },
    Object {
      "attributes": undefined,
      "category": "TLSv1.3",
      "description": "The server supports at least one cipher suite using the TLSv1.3 protocol.",
      "hint": null,
      "id": "49bf7fd3-8512-4d73-a28f-608e493cd726",
      "location": "https://www.yahoo.com:443",
      "name": "TLSv1.3 supported",
      "osi_layer": "PRESENTATION",
      "reference": null,
      "severity": "INFORMATIONAL",
    },
    Object {
      "attributes": Object {
        "cipher": "test1",
        "error": "Test failure 1",
      },
      "category": "TLSv1.3",
      "description": "At least one error occurred during negotiation using the TLSv1.3 protocol.",
      "hint": null,
      "id": "49bf7fd3-8512-4d73-a28f-608e493cd726",
      "location": "https://www.yahoo.com:443",
      "name": "TLSv1.3 negotation error",
      "osi_layer": "PRESENTATION",
      "reference": null,
      "severity": "LOW",
    },
    Object {
      "attributes": Object {
        "cipher": "test2",
        "error": "Test failure 2",
      },
      "category": "TLSv1.3",
      "description": "At least one error occurred during negotiation using the TLSv1.3 protocol.",
      "hint": null,
      "id": "49bf7fd3-8512-4d73-a28f-608e493cd726",
      "location": "https://www.yahoo.com:443",
      "name": "TLSv1.3 negotation error",
      "osi_layer": "PRESENTATION",
      "reference": null,
      "severity": "LOW",
    },
  ],
}
`;
